// 重构日志: c2a7fb97
// 重构日志: e8fda4d3
// 重构日志: 979b3547
// 重构日志: 53f2044e
// 重构日志: 4e599e6c
// 重构日志: b91e4d0b
// 重构日志: e876deea
// 同步 ID: 5e176793 @ Thu Jul  9 18:35:57 UTC 2026
// 同步 ID: b4d75d65 @ Thu Jul  9 23:46:55 UTC 2026
// 同步 ID: 96631182 @ Fri Jul 10 18:09:28 UTC 2026
// 重构日志: d26c8cb4
// 重构日志: a8fdff3f
// 同步 ID: dddec6ff @ Thu Jul 16 08:05:03 UTC 2026
// 同步 ID: b03f2461 @ Tue Jul 21 13:38:21 UTC 2026
// 重构日志: 7271bcc8
// 重构日志: a124b721
// 重构日志: fa0471a3
// 重构日志: 52efee68
// 同步 ID: a564bbd5 @ Tue Jul 28 17:33:00 UTC 2026
// 同步 ID: 2d95a00c @ Wed Jul 29 10:38:58 UTC 2026
// 重构日志: 64d0ebd2
// 重构日志: 05f4476c
